// Jest Snapshot v1, https://goo.gl/fbAQLP

exports[`Test del componente <GiftExpertApp/> Probando el componente con el snapshot 1`] = `
<Fragment>
  <h2>
    Gift Expert App
  </h2>
  <AddCategory
    setCategories={[Function]}
  />
  <hr />
</Fragment>
`;
