// Jest Snapshot v1, https://goo.gl/fbAQLP

exports[`Probando el componente Grid Gif Item El componente debe hacer match con el snapshot 1`] = `
<div
  className="card animate__animated animate__slideInUp"
>
  <img
    alt="Titulo del test"
    className="images"
    src="https://algunaurl.com"
  />
  <h3>
     
    Titulo del test
     
  </h3>
</div>
`;
