// Jest Snapshot v1, https://goo.gl/fbAQLP

exports[`Testing default react app testing component App  1`] = `ShallowWrapper {}`;
